<ul class="nav">
    <li class="">
        <a title="Go&#x20;home" href="index">Home</a>
    </li>
    <li class=" dropdown">
        <a href="page1" data-toggle="dropdown" class="&#x20;dropdown-toggle">Page 1<span class="caret"></span></a>
        <ul class="dropdown-menu">
            <li class="">
                <a href="page1&#x2F;page1_1">Page 1.1</a>
            </li>
        </ul>
    </li>
    <li class=" active dropdown">
        <a href="page2" data-toggle="dropdown" class="&#x20;dropdown-toggle">Page 2<span class="caret"></span></a>
        <ul class="dropdown-menu">
            <li class="">
                <a href="page2&#x2F;page2_1">Page 2.1</a>
            </li>
            <li class=" active dropdown-submenu">
                <a href="page2&#x2F;page2_2" data-toggle="dropdown" class="&#x20;dropdown-toggle">Page 2.2</a>
                <ul class="dropdown-menu">
                    <li class="">
                        <a href="page2&#x2F;page2_2&#x2F;page2_2_1">Page 2.2.1</a>
                    </li>
                    <li class=" active">
                        <a href="page2&#x2F;page2_2&#x2F;page2_2_2">Page 2.2.2</a>
                    </li>
                </ul>
            </li>
            <li class=" active dropdown-submenu">
                <a href="page2&#x2F;page2_3" data-toggle="dropdown" class="&#x20;dropdown-toggle">Page 2.3</a>
                <ul class="dropdown-menu">
                    <li class="">
                        <a href="page2&#x2F;page2_3&#x2F;page2_3_1">Page 2.3.1</a>
                    </li>
                    <li class=" active dropdown-submenu">
                        <a href="page2&#x2F;page2_3&#x2F;page2_3_3" data-toggle="dropdown" class="&#x20;dropdown-toggle">Page 2.3.3</a>
                        <ul class="dropdown-menu">
                            <li class=" active">
                                <a href="page2&#x2F;page2_3&#x2F;page2_3_3&#x2F;1">Page 2.3.3.1</a>
                            </li>
                            <li class=" active">
                                <a href="page2&#x2F;page2_3&#x2F;page2_3_3&#x2F;2">Page 2.3.3.2</a>
                            </li>
                        </ul>
                    </li>
                </ul>
            </li>
        </ul>
    </li>
    <li class=" dropdown">
        <a href="page3" data-toggle="dropdown" class="&#x20;dropdown-toggle">Page 3<span class="caret"></span></a>
        <ul class="dropdown-menu">
            <li class="">
                <a href="page3&#x2F;page3_1">Page 3.1</a>
            </li>
            <li class=" dropdown-submenu">
                <a href="page3&#x2F;page3_2" data-toggle="dropdown" class="&#x20;dropdown-toggle">Page 3.2</a>
                <ul class="dropdown-menu">
                    <li class="">
                        <a href="page3&#x2F;page3_2&#x2F;page3_2_1">Page 3.2.1</a>
                    </li>
                    <li class="">
                        <a href="page3&#x2F;page3_2&#x2F;page3_2_2">Page 3.2.2</a>
                    </li>
                </ul>
            </li>
            <li class=" dropdown-submenu">
                <a href="page3&#x2F;page3_3" data-toggle="dropdown" class="&#x20;dropdown-toggle">Page 3.3</a>
                <ul class="dropdown-menu">
                    <li class="">
                        <a href="page3&#x2F;page3_3&#x2F;page3_3_2">Page 3.3.2</a>
                    </li>
                </ul>
            </li>
        </ul>
    </li>
    <li class="">
        <a href="http&#x3A;&#x2F;&#x2F;www.zym-project.com&#x2F;">Zym</a>
    </li>
</ul>